// Jest Snapshot v1, https://goo.gl/fbAQLP

exports[`should render ExpenseList with empty message 1`] = `
<div>
  <p>
    No Expenses
  </p>
</div>
`;

exports[`should render ExpenseList with expenses 1`] = `
<div>
  <ExpenseListItem
    amount={195}
    createdAt={0}
    description="Gum"
    id="1"
    key="1"
    note=""
  />
  <ExpenseListItem
    amount={109500}
    createdAt={-345600000}
    description="Rent"
    id="2"
    key="2"
    note=""
  />
  <ExpenseListItem
    amount={145}
    createdAt={345600000}
    description="Gas"
    id="3"
    key="3"
    note=""
  />
  <ExpenseListItem
    amount={4500}
    createdAt={-432000000}
    description="Credit Card"
    id="4"
    key="4"
    note=""
  />
  <ExpenseListItem
    amount={50}
    createdAt={864000000}
    description="Water"
    id="5"
    key="5"
    note=""
  />
  <ExpenseListItem
    amount={300}
    createdAt={1728000000}
    description="Power"
    id="6"
    key="6"
    note=""
  />
</div>
`;
